> Task :checkKotlinGradlePluginConfigurationErrors
> Task :compileKotlin UP-TO-DATE
> Task :compileJava NO-SOURCE
> Task :processResources NO-SOURCE
> Task :classes UP-TO-DATE
> Task :resolveMainClassName UP-TO-DATE

> Task :bootRun

  .   ____          _            __ _ _
 /\\ / ___'_ __ _ _(_)_ __  __ _ \ \ \ \
( ( )\___ | '_ | '_| | '_ \/ _` | \ \ \ \
 \\/  ___)| |_)| | | | | || (_| |  ) ) ) )
  '  |____| .__|_| |_|_| |_\__, | / / / /
 =========|_|==============|___/=/_/_/_/
 :: Spring Boot ::                (v3.2.2)

2026-02-10T15:04:41.133Z  INFO 1852 --- [           main] c.a.werewolf.web.WerewolfApplicationKt   : Starting WerewolfApplicationKt using Java 17.0.18 with PID 1852 (/Users/afcoelho/Desktop/Personal Projects/Werewolf/build/classes/kotlin/main started by afcoelho in /Users/afcoelho/Desktop/Personal Projects/Werewolf)
2026-02-10T15:04:41.135Z  INFO 1852 --- [           main] c.a.werewolf.web.WerewolfApplicationKt   : No active profile set, falling back to 1 default profile: "default"
2026-02-10T15:04:41.377Z  INFO 1852 --- [           main] .s.d.r.c.RepositoryConfigurationDelegate : Multiple Spring Data modules found, entering strict repository configuration mode
2026-02-10T15:04:41.378Z  INFO 1852 --- [           main] .s.d.r.c.RepositoryConfigurationDelegate : Bootstrapping Spring Data Redis repositories in DEFAULT mode.
2026-02-10T15:04:41.390Z  INFO 1852 --- [           main] .s.d.r.c.RepositoryConfigurationDelegate : Finished Spring Data repository scanning in 6 ms. Found 0 Redis repository interfaces.
2026-02-10T15:04:41.538Z  INFO 1852 --- [           main] o.s.b.w.embedded.tomcat.TomcatWebServer  : Tomcat initialized with port 8080 (http)
2026-02-10T15:04:41.543Z  INFO 1852 --- [           main] o.apache.catalina.core.StandardService   : Starting service [Tomcat]
2026-02-10T15:04:41.543Z  INFO 1852 --- [           main] o.apache.catalina.core.StandardEngine    : Starting Servlet engine: [Apache Tomcat/10.1.18]
2026-02-10T15:04:41.565Z  INFO 1852 --- [           main] o.a.c.c.C.[Tomcat].[localhost].[/]       : Initializing Spring embedded WebApplicationContext
2026-02-10T15:04:41.565Z  INFO 1852 --- [           main] w.s.c.ServletWebServerApplicationContext : Root WebApplicationContext: initialization completed in 412 ms
2026-02-10T15:04:41.877Z  INFO 1852 --- [           main] o.s.b.w.embedded.tomcat.TomcatWebServer  : Tomcat started on port 8080 (http) with context path ''
2026-02-10T15:04:41.877Z  INFO 1852 --- [           main] o.s.m.s.b.SimpleBrokerMessageHandler     : Starting...
2026-02-10T15:04:41.878Z  INFO 1852 --- [           main] o.s.m.s.b.SimpleBrokerMessageHandler     : BrokerAvailabilityEvent[available=true, SimpleBrokerMessageHandler [org.springframework.messaging.simp.broker.DefaultSubscriptionRegistry@559991f5]]
2026-02-10T15:04:41.878Z  INFO 1852 --- [           main] o.s.m.s.b.SimpleBrokerMessageHandler     : Started.
2026-02-10T15:04:41.881Z  INFO 1852 --- [           main] c.a.werewolf.web.WerewolfApplicationKt   : Started WerewolfApplicationKt in 0.864 seconds (process running for 1.02)
2026-02-10T15:05:08.106Z  INFO 1852 --- [nio-8080-exec-1] o.a.c.c.C.[Tomcat].[localhost].[/]       : Initializing Spring DispatcherServlet 'dispatcherServlet'
2026-02-10T15:05:08.106Z  INFO 1852 --- [nio-8080-exec-1] o.s.web.servlet.DispatcherServlet        : Initializing Servlet 'dispatcherServlet'
2026-02-10T15:05:08.108Z  INFO 1852 --- [nio-8080-exec-1] o.s.web.servlet.DispatcherServlet        : Completed initialization in 2 ms
2026-02-10T15:05:41.874Z  INFO 1852 --- [MessageBroker-1] o.s.w.s.c.WebSocketMessageBrokerStats    : WebSocketSession[0 current WS(0)-HttpStream(0)-HttpPoll(0), 0 total, 0 closed abnormally (0 connect failure, 0 send limit, 0 transport error)], stompSubProtocol[processed CONNECT(0)-CONNECTED(0)-DISCONNECT(0)], stompBrokerRelay[null], inboundChannel[pool size = 0, active threads = 0, queued tasks = 0, completed tasks = 0], outboundChannel[pool size = 0, active threads = 0, queued tasks = 0, completed tasks = 0], sockJsScheduler[pool size = 1, active threads = 1, queued tasks = 0, completed tasks = 0]
2026-02-10T15:11:14.832Z  INFO 1852 --- [nio-8080-exec-6] o.s.w.s.m.SubProtocolWebSocketHandler    : No messages received after 83478 ms. Closing WebSocketServerSockJsSession[id=r01hjdwu].
2026-02-10T15:11:14.834Z  INFO 1852 --- [nio-8080-exec-6] o.s.w.s.m.SubProtocolWebSocketHandler    : No messages received after 60325 ms. Closing WebSocketServerSockJsSession[id=0fri3kbu].
2026-02-10T15:12:36.472Z  INFO 1852 --- [nio-8080-exec-2] o.s.w.s.m.SubProtocolWebSocketHandler    : No messages received after 81658 ms. Closing WebSocketServerSockJsSession[id=1hncj0hu].
2026-02-10T15:12:36.473Z  INFO 1852 --- [nio-8080-exec-2] o.s.w.s.m.SubProtocolWebSocketHandler    : No messages received after 122128 ms. Closing WebSocketServerSockJsSession[id=wgypbidn].
2026-02-10T15:12:36.474Z  INFO 1852 --- [nio-8080-exec-2] o.s.w.s.m.SubProtocolWebSocketHandler    : No messages received after 112587 ms. Closing WebSocketServerSockJsSession[id=nywpnevj].
2026-02-10T15:13:40.142Z  INFO 1852 --- [nio-8080-exec-6] o.s.w.s.m.SubProtocolWebSocketHandler    : No messages received after 63686 ms. Closing WebSocketServerSockJsSession[id=wcffrwb3].
2026-02-10T15:20:46.765Z  INFO 1852 --- [xecutorLoop-1-2] i.l.core.protocol.ConnectionWatchdog     : Reconnecting, last destination was localhost/127.0.0.1:6379
2026-02-10T15:20:46.773Z  WARN 1852 --- [ioEventLoop-4-2] i.l.core.protocol.ConnectionWatchdog     : Cannot reconnect to [localhost/<unresolved>:6379]: Connection reset

java.net.SocketException: Connection reset
	at java.base/sun.nio.ch.SocketChannelImpl.throwConnectionReset(SocketChannelImpl.java:394) ~[na:na]
	at java.base/sun.nio.ch.SocketChannelImpl.read(SocketChannelImpl.java:426) ~[na:na]
	at io.netty.buffer.PooledByteBuf.setBytes(PooledByteBuf.java:255) ~[netty-buffer-4.1.105.Final.jar:4.1.105.Final]
	at io.netty.buffer.AbstractByteBuf.writeBytes(AbstractByteBuf.java:1132) ~[netty-buffer-4.1.105.Final.jar:4.1.105.Final]
	at io.netty.channel.socket.nio.NioSocketChannel.doReadBytes(NioSocketChannel.java:357) ~[netty-transport-4.1.105.Final.jar:4.1.105.Final]
	at io.netty.channel.nio.AbstractNioByteChannel$NioByteUnsafe.read(AbstractNioByteChannel.java:151) ~[netty-transport-4.1.105.Final.jar:4.1.105.Final]
	at io.netty.channel.nio.NioEventLoop.processSelectedKey(NioEventLoop.java:788) ~[netty-transport-4.1.105.Final.jar:4.1.105.Final]
	at io.netty.channel.nio.NioEventLoop.processSelectedKeysOptimized(NioEventLoop.java:724) ~[netty-transport-4.1.105.Final.jar:4.1.105.Final]
	at io.netty.channel.nio.NioEventLoop.processSelectedKeys(NioEventLoop.java:650) ~[netty-transport-4.1.105.Final.jar:4.1.105.Final]
	at io.netty.channel.nio.NioEventLoop.run(NioEventLoop.java:562) ~[netty-transport-4.1.105.Final.jar:4.1.105.Final]
	at io.netty.util.concurrent.SingleThreadEventExecutor$4.run(SingleThreadEventExecutor.java:997) ~[netty-common-4.1.105.Final.jar:4.1.105.Final]
	at io.netty.util.internal.ThreadExecutorMap$2.run(ThreadExecutorMap.java:74) ~[netty-common-4.1.105.Final.jar:4.1.105.Final]
	at io.netty.util.concurrent.FastThreadLocalRunnable.run(FastThreadLocalRunnable.java:30) ~[netty-common-4.1.105.Final.jar:4.1.105.Final]
	at java.base/java.lang.Thread.run(Thread.java:840) ~[na:na]

2026-02-10T15:20:51.860Z  INFO 1852 --- [ecutorLoop-1-10] i.l.core.protocol.ConnectionWatchdog     : Reconnecting, last destination was localhost/<unresolved>:6379
2026-02-10T15:20:51.864Z  WARN 1852 --- [oEventLoop-4-10] i.l.core.protocol.ConnectionWatchdog     : Cannot reconnect to [localhost/<unresolved>:6379]: Connection refused: localhost/127.0.0.1:6379
2026-02-10T15:20:59.861Z  INFO 1852 --- [xecutorLoop-1-2] i.l.core.protocol.ConnectionWatchdog     : Reconnecting, last destination was localhost/<unresolved>:6379
2026-02-10T15:20:59.863Z  WARN 1852 --- [ioEventLoop-4-2] i.l.core.protocol.ConnectionWatchdog     : Cannot reconnect to [localhost/<unresolved>:6379]: Connection refused: localhost/127.0.0.1:6379
2026-02-10T15:21:08.158Z  INFO 1852 --- [xecutorLoop-1-3] i.l.core.protocol.ConnectionWatchdog     : Reconnecting, last destination was localhost/<unresolved>:6379
2026-02-10T15:21:08.160Z  WARN 1852 --- [ioEventLoop-4-3] i.l.core.protocol.ConnectionWatchdog     : Cannot reconnect to [localhost/<unresolved>:6379]: Connection refused: localhost/127.0.0.1:6379
2026-02-10T15:21:24.557Z  INFO 1852 --- [xecutorLoop-1-4] i.l.core.protocol.ConnectionWatchdog     : Reconnecting, last destination was localhost/<unresolved>:6379
2026-02-10T15:21:24.560Z  WARN 1852 --- [ioEventLoop-4-4] i.l.core.protocol.ConnectionWatchdog     : Cannot reconnect to [localhost/<unresolved>:6379]: Connection refused: localhost/127.0.0.1:6379
2026-02-10T15:21:54.662Z  INFO 1852 --- [xecutorLoop-1-4] i.l.core.protocol.ConnectionWatchdog     : Reconnecting, last destination was localhost/<unresolved>:6379
2026-02-10T15:21:54.665Z  WARN 1852 --- [ioEventLoop-4-5] i.l.core.protocol.ConnectionWatchdog     : Cannot reconnect to [localhost/<unresolved>:6379]: Connection refused: localhost/127.0.0.1:6379

> Task :bootRun FAILED

[Incubating] Problems report is available at: file:///Users/afcoelho/Desktop/Personal%20Projects/Werewolf/build/reports/problems/problems-report.html

FAILURE: Build failed with an exception.

* What went wrong:
Execution failed for task ':bootRun'.
> Process 'command '/Users/afcoelho/.gradle/jdks/eclipse_adoptium-17-aarch64-os_x.2/jdk-17.0.18+8/Contents/Home/bin/java'' finished with non-zero exit value 137

* Try:
> Run with --stacktrace option to get the stack trace.
> Run with --info or --debug option to get more log output.
> Run with --scan to get full insights.
> Get more help at https://help.gradle.org.

Deprecated Gradle features were used in this build, making it incompatible with Gradle 9.0.

You can use '--warning-mode all' to show the individual deprecation warnings and determine if they come from your own scripts or plugins.

For more on this, please refer to https://docs.gradle.org/8.14/userguide/command_line_interface.html#sec:command_line_warnings in the Gradle documentation.

BUILD FAILED in 17m 31s
4 actionable tasks: 2 executed, 2 up-to-date
